// Vitest Snapshot v1, https://vitest.dev/guide/snapshot.html

exports[`lints real-world code with every rule without crashing 1`] = `
{
  "change-case.ts": {
    "no-unsafe-index": 6,
    "no-unsafe-iteration": 0,
    "no-unsafe-length": 2,
    "no-unsafe-pad": 0,
    "no-unsafe-reverse": 0,
    "no-unsafe-search": 0,
    "no-unsafe-slice": 5,
    "no-unsafe-split": 0,
    "prefer-truncate": 0,
  },
  "lodash.js": {
    "no-unsafe-index": 2,
    "no-unsafe-iteration": 0,
    "no-unsafe-length": 1,
    "no-unsafe-pad": 0,
    "no-unsafe-reverse": 0,
    "no-unsafe-search": 0,
    "no-unsafe-slice": 0,
    "no-unsafe-split": 1,
    "prefer-truncate": 0,
  },
  "punycode.js": {
    "no-unsafe-index": 0,
    "no-unsafe-iteration": 0,
    "no-unsafe-length": 0,
    "no-unsafe-pad": 0,
    "no-unsafe-reverse": 0,
    "no-unsafe-search": 0,
    "no-unsafe-slice": 0,
    "no-unsafe-split": 0,
    "prefer-truncate": 0,
  },
  "string-width.js": {
    "no-unsafe-index": 0,
    "no-unsafe-iteration": 0,
    "no-unsafe-length": 0,
    "no-unsafe-pad": 0,
    "no-unsafe-reverse": 0,
    "no-unsafe-search": 0,
    "no-unsafe-slice": 0,
    "no-unsafe-split": 0,
    "prefer-truncate": 0,
  },
  "wrap-ansi.js": {
    "no-unsafe-index": 0,
    "no-unsafe-iteration": 1,
    "no-unsafe-length": 1,
    "no-unsafe-pad": 0,
    "no-unsafe-reverse": 0,
    "no-unsafe-search": 0,
    "no-unsafe-slice": 1,
    "no-unsafe-split": 0,
    "prefer-truncate": 0,
  },
  "zod-types.ts": {
    "no-unsafe-index": 0,
    "no-unsafe-iteration": 0,
    "no-unsafe-length": 0,
    "no-unsafe-pad": 0,
    "no-unsafe-reverse": 0,
    "no-unsafe-search": 0,
    "no-unsafe-slice": 0,
    "no-unsafe-split": 0,
    "prefer-truncate": 0,
  },
}
`;
